<area shape="rect" href="$_string_8h-source.html" title="Sylph/Core/String.h" alt="" coords="598,82,785,109">
<area shape="rect" href="$_array_8h-source.html" title="Sylph/Core/Array.h" alt="" coords="454,381,638,407">
<area shape="rect" href="$_exception_8h-source.html" title="Sylph/Core/Exception.h" alt="" coords="626,157,845,183">
<area shape="rect" href="$_dictionary_8h-source.html" title="Sylph/Core/Dictionary.h" alt="" coords="190,605,411,631">
<area shape="rect" href="$_sylph_8h-source.html" title="Sylph.h" alt="" coords="1365,455,1445,482">
<area shape="rect" href="$_any_8h-source.html" title="Sylph/Core/Any.h" alt="" coords="723,530,894,557">
<area shape="rect" href="$_common_8h-source.html" title="Sylph/Core/Common.h" alt="" coords="369,679,579,706">
<area shape="rect" href="$_iterator_8h-source.html" title="Sylph/Core/Iterator.h" alt="" coords="293,231,493,258">
<area shape="rect" href="$_uncaught_exception_handler_8h-source.html" title="Sylph/Core/UncaughtExceptionHandler.h" alt="" coords="1987,605,2350,631">
<area shape="rect" href="$_util_8h-source.html" title="Sylph/Core/Util.h" alt="" coords="486,455,651,482">
<area shape="rect" href="$_hash_8h-source.html" title="Sylph/Core/Hash.h" alt="" coords="713,306,891,333">
<area shape="rect" href="$_byte_buffer_8h-source.html" title="Sylph/Core/ByteBuffer.h" alt="" coords="359,754,589,781">
<area shape="rect" href="$_hash_iterator_8h-source.html" title="Sylph/Core/HashIterator.h" alt="" coords="7,679,250,706">
<area shape="rect" href="$_iterable_8h-source.html" title="Sylph/Core/Iterable.h" alt="" coords="293,306,493,333">
<area shape="rect" href="$_collection_8h-source.html" title="Sylph/Core/Collection.h" alt="" coords="211,381,430,407">
<area shape="rect" href="$_hash_map_8h-source.html" title="Sylph/Core/HashMap.h" alt="" coords="486,530,699,557">
<area shape="rect" href="$_vector_8h-source.html" title="Sylph/Core/Vector.h" alt="" coords="217,530,411,557">
<area shape="rect" href="$_application_8h-source.html" title="Sylph/Core/Application.h" alt="" coords="1289,530,1521,557">
<area shape="rect" href="$_linux_bundle_app_self_8h-source.html" title="Sylph/OS/LinuxBundleAppSelf.h" alt="" coords="822,605,1110,631">
<area shape="rect" href="$_linux_f_h_s_app_self_8h-source.html" title="Sylph/OS/LinuxFHSAppSelf.h" alt="" coords="1134,605,1398,631">
<area shape="rect" href="$_mac_o_s_app_self_8h-source.html" title="Sylph/OS/MacOSAppSelf.h" alt="" coords="1422,605,1665,631">
<area shape="rect" href="$_mac_o_s_f_h_s_app_self_8h-source.html" title="Sylph/OS/MacOSFHSAppSelf.h" alt="" coords="1689,605,1963,631">
<area shape="rect" href="$_windows_app_self_8h-source.html" title="Sylph/OS/WindowsAppSelf.h" alt="" coords="537,605,798,631">
