<area shape="rect" id="node3" href="$_any_8h-source.html" title="Any.h" alt="" coords="134,469,190,499">
<area shape="rect" id="node9" href="$_exception_8h-source.html" title="Exception.h" alt="" coords="930,547,1032,576">
<area shape="rect" id="node14" href="$_primitives_8h-source.html" title="Primitives.h" alt="" coords="192,624,290,653">
<area shape="rect" id="node27" href="$_array_8h-source.html" title="Array.h" alt="" coords="1021,315,1088,344">
<area shape="rect" id="node47" href="$_range_8h-source.html" title="Range.h" alt="" coords="1297,392,1372,421">
<area shape="rect" id="node58" href="$_dictionary_8h-source.html" title="Dictionary.h" alt="" coords="578,83,680,112">
<area shape="rect" id="node82" href="$_string_8h-source.html" title="String.h" alt="" coords="425,237,497,267">
<area shape="rect" id="node100" href="$_file_8h-source.html" title="File.h" alt="" coords="1548,160,1604,189">
<area shape="rect" id="node5" href="$_object_8h-source.html" title="Object.h" alt="" coords="842,701,922,731">
<area shape="rect" id="node21" href="$_current_function_8h-source.html" title="CurrentFunction.h" alt="" coords="945,624,1089,653">
<area shape="rect" id="node29" href="$_iterable_8h-source.html" title="Iterable.h" alt="" coords="1598,392,1684,421">
<area shape="rect" id="node32" href="$_iterator_8h-source.html" title="Iterator.h" alt="" coords="1504,469,1589,499">
<area shape="rect" id="node43" href="$_comparable_8h.html" title="Include this file if you want your objects to be comparable with operator&lt; ,…..." alt="" coords="673,392,785,421">
<area shape="rect" id="node39" href="$_foreach_8h-source.html" title="Foreach.h" alt="" coords="1521,624,1609,653">
<area shape="rect" id="node60" href="$_hash_map_8h-source.html" title="HashMap.h" alt="" coords="726,160,820,189">
<area shape="rect" id="node63" href="$_hash_8h-source.html" title="Hash.h" alt="" coords="458,469,525,499">
<area shape="rect" id="node68" href="$_equals_8h-source.html" title="Equals.h" alt="" coords="1205,237,1280,267">
<area shape="rect" id="node73" href="$_util_8h-source.html" title="Util.h" alt="" coords="885,237,941,267">
<area shape="rect" id="node88" href="$_bool_convertible_8h-source.html" title="BoolConvertible.h" alt="" coords="529,547,668,576">
<area shape="rect" id="node92" href="$_i18_n_8h-source.html" title="I18N.h" alt="" coords="249,315,313,344">
