<area shape="rect" id="node3" href="$_array_8h-source.html" title="Sylph/Core/Array.h" alt="" coords="1282,83,1423,112">
<area shape="rect" id="node20" href="$_string_8h-source.html" title="Sylph/Core/String.h" alt="" coords="1189,237,1335,267">
<area shape="rect" id="node5" href="$_application_8h-source.html" title="Sylph/Core/Application.h" alt="" coords="1034,315,1215,344">
<area shape="rect" id="node17" href="$_sylph_8h-source.html" title="Sylph.h" alt="" coords="1278,469,1345,499">
<area shape="rect" id="node25" href="$_common_8h.html" title="This file is a shortcut to include many commonly used headers." alt="" coords="1479,392,1647,421">
<area shape="rect" id="node38" href="$_input_stream_8h-source.html" title="Sylph/IO/InputStream.h" alt="" coords="2255,315,2431,344">
<area shape="rect" id="node44" href="$_string_buffer_8h-source.html" title="Sylph/Core/StringBuffer.h" alt="" coords="823,315,1010,344">
<area shape="rect" id="node50" href="$_util_8h-source.html" title="Sylph/Core/Util.h" alt="" coords="1390,160,1521,189">
<area shape="rect" id="node52" href="$_hash_map_8h-source.html" title="Sylph/Core/HashMap.h" alt="" coords="1535,237,1703,267">
<area shape="rect" id="node55" href="$_vector_8h-source.html" title="Sylph/Core/Vector.h" alt="" coords="1359,237,1511,267">
<area shape="rect" id="node59" href="$_output_stream_8h-source.html" title="Sylph/IO/OutputStream.h" alt="" coords="1962,237,2151,267">
<area shape="rect" id="node7" href="$_linux_bundle_app_self_8h-source.html" title="Sylph/OS/LinuxBundleAppSelf.h" alt="" coords="359,392,586,421">
<area shape="rect" id="node9" href="$_linux_f_h_s_app_self_8h-source.html" title="Sylph/OS/LinuxFHSAppSelf.h" alt="" coords="610,392,815,421">
<area shape="rect" id="node11" href="$_mac_o_s_app_self_8h-source.html" title="Sylph/OS/MacOSAppSelf.h" alt="" coords="839,392,1031,421">
<area shape="rect" id="node13" href="$_mac_o_s_f_h_s_app_self_8h-source.html" title="Sylph/OS/MacOSFHSAppSelf.h" alt="" coords="1055,392,1274,421">
<area shape="rect" id="node15" href="$_uncaught_exception_handler_8h-source.html" title="Sylph/Core/UncaughtExceptionHandler.h" alt="" coords="45,392,335,421">
<area shape="rect" id="node23" href="$_file_8h-source.html" title="Sylph/Core/File.h" alt="" coords="1778,315,1909,344">
<area shape="rect" id="node34" href="$_dictionary_8h-source.html" title="Sylph/Core/Dictionary.h" alt="" coords="1341,315,1517,344">
<area shape="rect" id="node46" href="$_print_writer_8h-source.html" title="Sylph/IO/PrintWriter.h" alt="" coords="1541,315,1703,344">
<area shape="rect" id="node30" href="$_file_input_stream_8h-source.html" title="Sylph/IO/FileInputStream.h" alt="" coords="1949,392,2149,421">
<area shape="rect" id="node32" href="$_file_output_stream_8h-source.html" title="Sylph/IO/FileOutputStream.h" alt="" coords="1711,392,1925,421">
<area shape="rect" id="node27" href="$_byte_buffer_8h-source.html" title="Sylph/Core/ByteBuffer.h" alt="" coords="2353,469,2537,499">
<area shape="rect" id="node41" href="$_buffered_input_stream_8h-source.html" title="Sylph/IO/BufferedInputStream.h" alt="" coords="2173,392,2407,421">
<area shape="rect" id="node62" href="$_buffered_output_stream_8h-source.html" title="Sylph/IO/BufferedOutputStream.h" alt="" coords="1933,315,2181,344">
