<area shape="rect" href="$_array_8h-source.html" title="Sylph/Core/Array.h" alt="" coords="1494,82,1678,109">
<area shape="rect" href="$_string_8h-source.html" title="Sylph/Core/String.h" alt="" coords="1097,82,1284,109">
<area shape="rect" href="$_ptr_8h-source.html" title="Sylph/Core/Ptr.h" alt="" coords="1308,82,1470,109">
<area shape="rect" href="$_sylph_8h-source.html" title="Sylph.h" alt="" coords="1096,157,1176,184">
<area shape="rect" href="$_util_8h-source.html" title="Sylph/Core/Util.h" alt="" coords="1497,157,1662,184">
<area shape="rect" href="$_hash_map_8h-source.html" title="Sylph/Core/HashMap.h" alt="" coords="1320,232,1533,258">
<area shape="rect" href="$_common_8h-source.html" title="Sylph/Core/Common.h" alt="" coords="1924,381,2134,408">
<area shape="rect" href="$_vector_8h-source.html" title="Sylph/Core/Vector.h" alt="" coords="1557,232,1752,258">
<area shape="rect" href="$_input_stream_8h-source.html" title="Sylph/IO/InputStream.h" alt="" coords="1790,157,2009,184">
<area shape="rect" href="$_application_8h-source.html" title="Sylph/Core/Application.h" alt="" coords="945,232,1177,258">
<area shape="rect" href="$_linux_bundle_app_self_8h-source.html" title="Sylph/OS/LinuxBundleAppSelf.h" alt="" coords="8,306,296,333">
<area shape="rect" href="$_linux_f_h_s_app_self_8h-source.html" title="Sylph/OS/LinuxFHSAppSelf.h" alt="" coords="320,306,584,333">
<area shape="rect" href="$_mac_o_s_app_self_8h-source.html" title="Sylph/OS/MacOSAppSelf.h" alt="" coords="608,306,850,333">
<area shape="rect" href="$_mac_o_s_f_h_s_app_self_8h-source.html" title="Sylph/OS/MacOSFHSAppSelf.h" alt="" coords="874,306,1149,333">
<area shape="rect" href="$_windows_app_self_8h-source.html" title="Sylph/OS/WindowsAppSelf.h" alt="" coords="1173,306,1434,333">
<area shape="rect" href="$_uncaught_exception_handler_8h-source.html" title="Sylph/Core/UncaughtExceptionHandler.h" alt="" coords="1458,306,1821,333">
<area shape="rect" href="$_dictionary_8h-source.html" title="Sylph/Core/Dictionary.h" alt="" coords="1845,306,2066,333">
<area shape="rect" href="$_byte_buffer_8h-source.html" title="Sylph/Core/ByteBuffer.h" alt="" coords="1914,456,2144,482">
<area shape="rect" href="$_buffered_input_stream_8h-source.html" title="Sylph/IO/BufferedInputStream.h" alt="" coords="1776,232,2066,258">
