<area shape="rect" id="node3" href="$class_sylph_1_1_array.html" title="Sylph::Array\&lt; byte \&gt;" alt="" coords="259,5,421,35">
<area shape="rect" id="node5" href="$class_sylph_1_1_array.html" title="Sylph::Array\&lt; EntryPtr \&gt;" alt="" coords="245,59,435,88">
<area shape="rect" id="node7" href="$class_sylph_1_1_array.html" title="Sylph::Array\&lt; uchar \&gt;" alt="" coords="256,112,424,141">
<area shape="rect" id="node9" href="$class_sylph_1_1_forward_iterator.html" title="Sylph::ForwardIterator\&lt; Entry, iterator \&gt;" alt="" coords="191,165,489,195">
<area shape="rect" id="node11" href="$class_sylph_1_1_forward_iterator.html" title="Sylph::ForwardIterator\&lt; String, iterator \&gt;" alt="" coords="189,219,491,248">
<area shape="rect" id="node15" href="$class_sylph_1_1_forward_iterator.html" title="Sylph::ForwardIterator\&lt; T, I \&gt;" alt="" coords="229,272,451,301">
<area shape="rect" id="node22" href="$class_sylph_1_1_forward_iterator.html" title="Sylph::ForwardIterator\&lt; T, iterator \&gt;" alt="" coords="205,325,475,355">
<area shape="rect" id="node30" href="$class_sylph_1_1_any.html" title="Wrapper class for any kind of class." alt="" coords="295,379,385,408">
<area shape="rect" id="node32" href="$class_sylph_1_1_application.html" title="Class representing an application." alt="" coords="271,432,409,461">
<area shape="rect" id="node36" href="$class_sylph_1_1_array.html" title="Array provides a safe array." alt="" coords="271,485,409,515">
<area shape="rect" id="node38" href="$class_sylph_1_1_bool_convertible__base.html" title="Abstract base class for BoolConvertible." alt="" coords="235,539,445,568">
<area shape="rect" id="node52" href="$class_sylph_1_1_file.html" title="Sylph::File" alt="" coords="296,592,384,621">
<area shape="rect" id="node55" href="$class_sylph_1_1_hash_map.html" title="Sylph::HashMap\&lt; key_, value_, hash_, equals_ \&gt;" alt="" coords="168,645,512,675">
<area shape="rect" id="node57" href="$class_sylph_1_1_pointer_manager.html" title="Sylph::PointerManager" alt="" coords="253,699,427,728">
<area shape="rect" id="node59" href="$class_sylph_1_1_string_buffer.html" title="Sylph::StringBuffer" alt="" coords="267,752,413,781">
<area shape="rect" id="node61" href="$class_sylph_1_1_sylph_iterator.html" title="SylphIterator provides a easier&#45;to&#45;use wrapper around STL iterators." alt="" coords="236,805,444,835">
<area shape="rect" id="node63" href="$class_sylph_1_1_vector.html" title="Sylph::Vector\&lt; T \&gt;" alt="" coords="265,859,415,888">
<area shape="rect" id="node13" href="$class_sylph_1_1_bidirectional_iterator.html" title="Sylph::BidirectionalIterator\&lt; String, iterator \&gt;" alt="" coords="561,219,892,248">
<area shape="rect" id="node17" href="$class_sylph_1_1_bidirectional_iterator.html" title="Sylph::BidirectionalIterator\&lt; T, I \&gt;" alt="" coords="601,272,852,301">
<area shape="rect" id="node19" href="$class_sylph_1_1_random_access_iterator.html" title="Sylph::RandomAccessIterator\&lt; T, I \&gt;" alt="" coords="965,272,1237,301">
<area shape="rect" id="node24" href="$class_sylph_1_1_bidirectional_iterator.html" title="Sylph::BidirectionalIterator\&lt; T, iterator \&gt;" alt="" coords="577,325,876,355">
<area shape="rect" id="node26" href="$class_sylph_1_1_random_access_iterator.html" title="Sylph::RandomAccessIterator\&lt; T, iterator \&gt;" alt="" coords="941,325,1261,355">
<area shape="rect" id="node28" href="$class_sylph_1_1_array_1_1iterator.html" title="Sylph::Array\&lt; T \&gt;::Array::iterator" alt="" coords="1311,325,1556,355">
<area shape="rect" id="node34" href="$class_sylph_1_1_application_self.html" title="An Application representing the currently running application." alt="" coords="645,405,808,435">
<area shape="rect" id="node40" href="$class_sylph_1_1_bool_convertible.html" title="Sylph::BoolConvertible\&lt; InputStream \&gt;" alt="" coords="583,459,871,488">
<area shape="rect" id="node42" href="$class_sylph_1_1_bool_convertible.html" title="Sylph::BoolConvertible\&lt; OutputStream \&gt;" alt="" coords="576,512,877,541">
<area shape="rect" id="node44" href="$class_sylph_1_1_bool_convertible.html" title="Sylph::BoolConvertible\&lt; PrintWriter \&gt;" alt="" coords="588,565,865,595">
<area shape="rect" id="node46" href="$class_sylph_1_1_bool_convertible.html" title="Sylph::BoolConvertible\&lt; String \&gt;" alt="" coords="605,619,848,648">
<area shape="rect" id="node50" href="$class_sylph_1_1_bool_convertible.html" title="Implementation of the Safe Bool Idiom." alt="" coords="621,672,832,701">
<area shape="rect" id="node48" href="$class_sylph_1_1_string.html" title="The String class represents character strings." alt="" coords="1049,619,1153,648">
