<area shape="rect" href="$class_sylph_1_1_object.html" title="The root of all classes." alt="" coords="9,210,140,237">
<area shape="rect" href="$class_sylph_1_1_iterable.html" title="Sylph::Iterable\&lt; DictionaryEntry\&lt; K, V * \&gt; \&gt;" alt="" coords="189,84,576,110">
<area shape="rect" href="$class_sylph_1_1_iterable.html" title="Sylph::Iterable\&lt; K \&gt;" alt="" coords="290,185,474,212">
<area shape="rect" href="$class_sylph_1_1_iterable.html" title="Sylph::Iterable\&lt; T * \&gt;" alt="" coords="282,33,482,60">
<area shape="rect" href="$class_sylph_1_1_iterable.html" title="Sylph::Iterable\&lt; T \&gt;" alt="" coords="290,286,474,313">
<area shape="rect" href="$class_sylph_1_1_iterator.html" title="Sylph::Iterator\&lt; T \&gt;" alt="" coords="290,236,474,262">
<area shape="rect" href="$class_sylph_1_1_iterable.html" title="Implementing this interface allows your class to be iterated by an Iterator." alt="" coords="290,337,474,364">
<area shape="rect" href="$class_sylph_1_1_iterator.html" title="Iterator provides a transparant interface for iterating over collections." alt="" coords="290,388,474,414">
<area shape="rect" href="$class_sylph_1_1_collection.html" title="Sylph::Collection\&lt; DictionaryEntry\&lt; K, V * \&gt; \&gt;" alt="" coords="625,109,1030,136">
<area shape="rect" href="$class_sylph_1_1_collection.html" title="Sylph::Collection\&lt; K \&gt;" alt="" coords="725,160,930,186">
<area shape="rect" href="$class_sylph_1_1_array.html" title="Sylph::Array\&lt; T * \&gt;" alt="" coords="737,8,918,34">
<area shape="rect" href="$class_sylph_1_1_collection.html" title="Sylph::Collection\&lt; T * \&gt;" alt="" coords="718,58,937,85">
<area shape="rect" href="$class_sylph_1_1_collection.html" title="Sylph::Collection\&lt; T \&gt;" alt="" coords="726,261,929,288">
<area shape="rect" href="$class_sylph_1_1_array.html" title="Array provides a safe array." alt="" coords="744,312,912,338">
<area shape="rect" href="$class_sylph_1_1_collection.html" title="A Collection represents a group of objects, known as its elements." alt="" coords="726,210,929,237">
