<area shape="rect" href="$class_sylph_1_1_object.html" title="The root of all classes." alt="" coords="9,210,140,237">
<area shape="rect" href="$class_sylph_1_1_iterable.html" title="Sylph::Iterable\&lt; HashEntry\&lt; K, V * \&gt; \&gt;" alt="" coords="189,84,533,110">
<area shape="rect" href="$class_sylph_1_1_iterable.html" title="Sylph::Iterable\&lt; K \&gt;" alt="" coords="269,185,453,212">
<area shape="rect" href="$class_sylph_1_1_iterable.html" title="Sylph::Iterable\&lt; T * \&gt;" alt="" coords="261,33,461,60">
<area shape="rect" href="$class_sylph_1_1_iterable.html" title="Sylph::Iterable\&lt; T \&gt;" alt="" coords="269,286,453,313">
<area shape="rect" href="$class_sylph_1_1_iterator.html" title="Sylph::Iterator\&lt; T \&gt;" alt="" coords="269,236,453,262">
<area shape="rect" href="$class_sylph_1_1_iterable.html" title="Implementing this interface allows your class to be iterated by an Iterator." alt="" coords="269,337,453,364">
<area shape="rect" href="$class_sylph_1_1_iterator.html" title="Iterator provides a transparant interface for iterating over collections." alt="" coords="269,388,453,414">
<area shape="rect" href="$class_sylph_1_1_collection.html" title="Sylph::Collection\&lt; HashEntry\&lt; K, V * \&gt; \&gt;" alt="" coords="581,109,944,136">
<area shape="rect" href="$class_sylph_1_1_collection.html" title="Sylph::Collection\&lt; K \&gt;" alt="" coords="660,160,865,186">
<area shape="rect" href="$class_sylph_1_1_array.html" title="Sylph::Array\&lt; T * \&gt;" alt="" coords="672,8,853,34">
<area shape="rect" href="$class_sylph_1_1_collection.html" title="Sylph::Collection\&lt; T * \&gt;" alt="" coords="653,58,872,85">
<area shape="rect" href="$class_sylph_1_1_collection.html" title="Sylph::Collection\&lt; T \&gt;" alt="" coords="661,261,864,288">
<area shape="rect" href="$class_sylph_1_1_array.html" title="Array provides a safe array." alt="" coords="678,312,846,338">
<area shape="rect" href="$class_sylph_1_1_collection.html" title="A Collection represents a group of objects, known as its elements." alt="" coords="661,210,864,237">
