<area shape="rect" href="$class_sylph_1_1_object.html" title="The root of all classes." alt="" coords="9,185,140,211">
<area shape="rect" href="$class_sylph_1_1_forward_iterator.html" title="Sylph::ForwardIterator\&lt; Entry, iterator \&gt;" alt="" coords="192,7,552,34">
<area shape="rect" href="$class_sylph_1_1_forward_iterator.html" title="Sylph::ForwardIterator\&lt; String, iterator \&gt;" alt="" coords="189,58,554,85">
<area shape="rect" href="$class_sylph_1_1_forward_iterator.html" title="Sylph::ForwardIterator\&lt; T, I \&gt;" alt="" coords="238,109,505,135">
<area shape="rect" href="$class_sylph_1_1_forward_iterator.html" title="Sylph::ForwardIterator\&lt; T, iterator \&gt;" alt="" coords="209,159,534,186">
<area shape="rect" href="$class_sylph_1_1_any.html" title="Wrapper class for any kind of class." alt="" coords="317,210,426,237">
<area shape="rect" href="$class_sylph_1_1_array.html" title="Array provides a safe array." alt="" coords="288,261,456,287">
<area shape="rect" href="$class_sylph_1_1_forward_iterator.html" title="Facade used to simplify usage of forward iterators." alt="" coords="238,311,505,338">
<area shape="rect" href="$class_sylph_1_1_sylph_iterator.html" title="SylphIterator provides a easier-to-use wrapper around STL iterators." alt="" coords="248,362,496,389">
